// Jest Snapshot v1, https://goo.gl/fbAQLP

exports[`matches the snapshot 1`] = `
<div
  className="app"
>
  <form
    className="app__form"
    onSubmit={[Function]}
  >
    <label>
      Amount:
    </label>
    <input
      id="amount-input"
      onChange={[Function]}
      placeholder="Â£"
      required={true}
      type="number"
      value=""
    />
    <label>
      Pay By:
    </label>
    <input
      id="date-input"
      onChange={[Function]}
      placeholder="Date"
      required={true}
      type="date"
      value=""
    />
    <label>
      Customer:
    </label>
    <input
      id="customer-input"
      onChange={[Function]}
      placeholder="Customer"
      required={true}
      type="text"
      value=""
    />
    <label>
      Services:
    </label>
    <textarea
      id="services-input"
      onChange={[Function]}
      placeholder="Services"
      required={true}
      rows="5"
      type="text"
      value=""
    />
    <button
      type="submit"
    >
      Submit
    </button>
  </form>
  <div
    className="app__invoices"
  >
    <select
      onChange={[Function]}
      value=""
    >
      <option
        value="all"
      >
        All
      </option>
      <option
        defaultValue={true}
        value="paid"
      >
        Paid
      </option>
      <option
        value="unpaid"
      >
        Unpaid
      </option>
    </select>
    <div
      className="app__invoices__display"
    />
  </div>
</div>
`;
