// Jest Snapshot v1, https://goo.gl/fbAQLP

exports[`matches the snapshot 1`] = `
<div
  className="app__invoices__display--read"
>
  <label>
    Invoice #
  </label>
  <p>
    <span
      className="display-title"
    >
      Amount:
    </span>
     Â£
  </p>
  <p>
    <span
      className="display-title"
    >
      Pay By:
    </span>
     
  </p>
  <p>
    <span
      className="display-title"
    >
      Customer:
    </span>
     
  </p>
  <p>
    <span
      className="display-title"
    >
      Services:
    </span>
     
  </p>
  <span
    className="display-title"
  >
    UNPAID
  </span>
  <button
    onClick={[Function]}
  >
    Edit
  </button>
</div>
`;
